main.c:146:5:main	16	static
main.c:262:6:SystemClock_Config	88	static
main.c:309:13:MX_ADC1_Init	24	static
main.c:354:13:MX_ADC2_Init	24	static
main.c:399:13:MX_I2C2_Init	8	static
main.c:433:13:MX_TIM1_Init	32	static
main.c:479:13:MX_USART1_UART_Init	8	static
main.c:512:13:MX_GPIO_Init	40	static
main.c:559:6:HAL_GPIO_EXTI_Callback	16	static
main.c:585:6:HAL_TIM_PeriodElapsedCallback	16	static
main.c:600:6:HAL_UART_RxCpltCallback	16	static
main.c:609:6:printData	16	static
main.c:621:6:Error_Handler	4	static,ignoring_inline_asm
