main.c:146:5:main	16	static
main.c:269:6:SystemClock_Config	88	static
main.c:316:13:MX_ADC1_Init	24	static
main.c:361:13:MX_ADC2_Init	24	static
main.c:406:13:MX_I2C2_Init	8	static
main.c:440:13:MX_TIM1_Init	32	static
main.c:486:13:MX_USART1_UART_Init	8	static
main.c:519:13:MX_GPIO_Init	40	static
main.c:566:6:HAL_GPIO_EXTI_Callback	16	static
main.c:592:6:HAL_TIM_PeriodElapsedCallback	16	static
main.c:607:6:HAL_UART_RxCpltCallback	16	static
main.c:616:6:printData	16	static
main.c:628:6:Error_Handler	4	static,ignoring_inline_asm
